\BOOKMARK [1][-]{section.1}{\376\377\000I\000n\000t\000r\000o\000d\000u\000c\000t\000i\000o\000n}{}% 1
\BOOKMARK [2][-]{subsection.1.1}{\376\377\000B\000a\000c\000k\000g\000r\000o\000u\000n\000d}{section.1}% 2
\BOOKMARK [2][-]{subsection.1.2}{\376\377\000S\000c\000o\000p\000e\000\040\000a\000n\000d\000\040\000O\000p\000e\000r\000a\000t\000i\000o\000n\000a\000l\000\040\000C\000o\000n\000s\000t\000r\000a\000i\000n\000t\000s}{section.1}% 3
\BOOKMARK [2][-]{subsection.1.3}{\376\377\000O\000b\000j\000e\000c\000t\000i\000v\000e\000s}{section.1}% 4
\BOOKMARK [1][-]{section.2}{\376\377\000M\000o\000d\000e\000l\000i\000n\000g\000\040\000a\000n\000d\000\040\000A\000l\000g\000o\000r\000i\000t\000h\000m\000\040\000D\000e\000v\000e\000l\000o\000p\000m\000e\000n\000t}{}% 5
\BOOKMARK [2][-]{subsection.2.1}{\376\377\000S\000i\000m\000p\000l\000e\000\040\000B\000e\000a\000m\000\040\000M\000o\000d\000e\000l}{section.2}% 6
\BOOKMARK [2][-]{subsection.2.2}{\376\377\000L\000o\000a\000d\000\040\000E\000s\000t\000i\000m\000a\000t\000i\000o\000n\000\040\000A\000l\000g\000o\000r\000i\000t\000h\000m}{section.2}% 7
\BOOKMARK [3][-]{subsubsection.2.2.1}{\376\377\000S\000i\000g\000n\000a\000l\000\040\000P\000r\000o\000c\000e\000s\000s\000i\000n\000g}{subsection.2.2}% 8
\BOOKMARK [3][-]{subsubsection.2.2.2}{\376\377\000P\000r\000e\000s\000s\000u\000r\000e\000\040\000P\000r\000e\000d\000i\000c\000t\000i\000o\000n}{subsection.2.2}% 9
\BOOKMARK [3][-]{subsubsection.2.2.3}{\376\377\000R\000e\000g\000r\000e\000s\000s\000i\000o\000n\000\040\000M\000o\000d\000e\000l}{subsection.2.2}% 10
\BOOKMARK [1][-]{section.3}{\376\377\000I\000m\000p\000l\000e\000m\000e\000n\000t\000a\000t\000i\000o\000n}{}% 11
\BOOKMARK [2][-]{subsection.3.1}{\376\377\000S\000o\000f\000t\000w\000a\000r\000e\000\040\000A\000r\000c\000h\000i\000t\000e\000c\000t\000u\000r\000e}{section.3}% 12
\BOOKMARK [3][-]{subsubsection.3.1.1}{\376\377\000C\000o\000n\000t\000i\000n\000u\000o\000u\000s\000\040\000T\000o\000p\000i\000c\000\040\000C\000a\000l\000l\000b\000a\000c\000k\000s\000\040\000\050\000A\000n\000g\000l\000e\000s\000\040\000\046\000\040\000P\000r\000e\000s\000s\000u\000r\000e\000s\000\051}{subsection.3.1}% 13
\BOOKMARK [3][-]{subsubsection.3.1.2}{\376\377\000S\000e\000r\000v\000i\000c\000e\000\040\000C\000a\000l\000l\000:\000\040\000I\000n\000i\000t\000i\000a\000l\000i\000z\000a\000t\000i\000o\000n\000\040\000\046\000\040\000W\000a\000i\000t\000\040\000C\000o\000n\000d\000i\000t\000i\000o\000n\000s}{subsection.3.1}% 14
\BOOKMARK [3][-]{subsubsection.3.1.3}{\376\377\000S\000e\000r\000v\000i\000c\000e\000\040\000C\000a\000l\000l\000:\000\040\000D\000a\000t\000a\000\040\000C\000o\000l\000l\000e\000c\000t\000i\000o\000n\000\040\000\046\000\040\000F\000i\000n\000a\000l\000\040\000C\000a\000l\000c\000u\000l\000a\000t\000i\000o\000n}{subsection.3.1}% 15
\BOOKMARK [2][-]{subsection.3.2}{\376\377\000H\000a\000r\000d\000w\000a\000r\000e\000\040\000C\000o\000m\000p\000o\000n\000e\000n\000t}{section.3}% 16
\BOOKMARK [1][-]{section.4}{\376\377\000C\000a\000l\000i\000b\000r\000a\000t\000i\000o\000n\000\040\000P\000r\000o\000c\000e\000d\000u\000r\000e}{}% 17
\BOOKMARK [2][-]{subsection.4.1}{\376\377\000P\000r\000e\000s\000s\000u\000r\000e\000\040\000O\000f\000f\000s\000e\000t\000\040\000M\000o\000d\000e\000l}{section.4}% 18
\BOOKMARK [2][-]{subsection.4.2}{\376\377\000S\000u\000r\000f\000a\000c\000e\000\040\000F\000i\000t\000\040\000C\000o\000m\000p\000e\000n\000s\000a\000t\000i\000o\000n\000\040\000M\000o\000d\000e\000l}{section.4}% 19
\BOOKMARK [1][-]{section.5}{\376\377\000R\000e\000s\000u\000l\000t\000s\000\040\000a\000n\000d\000\040\000A\000n\000a\000l\000y\000s\000i\000s}{}% 20
\BOOKMARK [1][-]{section.6}{\376\377\000C\000o\000n\000c\000l\000u\000s\000i\000o\000n}{}% 21
